// Jest Snapshot v1, https://goo.gl/fbAQLP

exports[`Button renders properly 1`] = `
<div>
  <button
    class="button"
  >
    My Button
  </button>
</div>
`;
